python : Traceback (most 
recent call last):
At line:1 char:1
+ python run.py > 
error_log.txt 2>&1; type 
error_log.txt
+ ~~~~~~~~~~~~~~~~~~~~~~~~~~~
~~~~~~~
    + CategoryInfo           
   : NotSpecified: (Traceba  
  ck (most recent call las   
 t)::String) [], RemoteEx    
ception
    + FullyQualifiedErrorId  
   : NativeCommandError
 
  File "D:\project\SmartLearn
ing\backend\run.py", line 2, 
in <module>
    from app import 
create_app
  File "D:\project\SmartLearn
ing\backend\app\__init__.py",
 line 2, in <module>
    from flask_sqlalchemy 
import SQLAlchemy
  File "C:\Users\prajw\AppDat
a\Roaming\Python\Python313\si
te-packages\flask_sqlalchemy\
__init__.py", line 5, in 
<module>
    from .extension import 
SQLAlchemy
  File "C:\Users\prajw\AppDat
a\Roaming\Python\Python313\si
te-packages\flask_sqlalchemy\
extension.py", line 9, in 
<module>
    import sqlalchemy as sa
  File "C:\Users\prajw\AppDat
a\Roaming\Python\Python313\si
te-packages\sqlalchemy\__init
__.py", line 13, in <module>
    from .engine import 
AdaptedConnection as 
AdaptedConnection
  File "C:\Users\prajw\AppDat
a\Roaming\Python\Python313\si
te-packages\sqlalchemy\engine
\__init__.py", line 18, in 
<module>
    from . import events as 
events
  File "C:\Users\prajw\AppDat
a\Roaming\Python\Python313\si
te-packages\sqlalchemy\engine
\events.py", line 19, in 
<module>
    from .base import 
Connection
  File "C:\Users\prajw\AppDat
a\Roaming\Python\Python313\si
te-packages\sqlalchemy\engine
\base.py", line 30, in 
<module>
    from .interfaces import 
BindTyping
  File "C:\Users\prajw\AppDat
a\Roaming\Python\Python313\si
te-packages\sqlalchemy\engine
\interfaces.py", line 38, in 
<module>
    from ..sql.compiler 
import Compiled as Compiled
  File "C:\Users\prajw\AppDat
a\Roaming\Python\Python313\si
te-packages\sqlalchemy\sql\__
init__.py", line 14, in 
<module>
    from .compiler import 
COLLECT_CARTESIAN_PRODUCTS 
as COLLECT_CARTESIAN_PRODUCTS
  File "C:\Users\prajw\AppDat
a\Roaming\Python\Python313\si
te-packages\sqlalchemy\sql\co
mpiler.py", line 615, in 
<module>
    class InsertmanyvaluesSen
tinelOpts(FastIntFlag):
    ...<14 lines>...
        
RENDER_SELECT_COL_CASTS = 64
  File "C:\Users\prajw\AppDat
a\Roaming\Python\Python313\si
te-packages\sqlalchemy\util\l
anghelpers.py", line 1663, 
in __init__
    sym = symbol(k, 
canonical=v)
  File "C:\Users\prajw\AppDat
a\Roaming\Python\Python313\si
te-packages\sqlalchemy\util\l
anghelpers.py", line 1635, 
in __new__
    raise TypeError(
    ...<2 lines>...
    )
TypeError: Can't replace 
canonical symbol for 
'__firstlineno__' with new 
int value 615
